root=/home/link/NTRE-2.0
loops=10000
cc=gcc
flags=-O3 -march=x86-64 -mavx2 -mtune=native -flto -fomit-frame-pointer -std=c99 -Wpedantic -Wall -Wextra -Wno-unused-parameter -Wno-unused-result
gcc (Ubuntu 15.2.0-16ubuntu1) 15.2.0

[Optimized/NTRE-128]
dir=/home/link/NTRE-2.0/Implementations/Optimized_Implementation/NTRE-128
instance,function,loops,countergap,cycles,sink
NTRE-128,hash_G,10000,22,13755,6102
NTRE-128,hash_H,10000,22,19784,163457473040034971
NTRE-128,hash_F,10000,22,1925,163457473040059016
NTRE-128,sample_psi1,10000,22,5589,163162468976316818

[Optimized/NTRE-256]
dir=/home/link/NTRE-2.0/Implementations/Optimized_Implementation/NTRE-256
instance,function,loops,countergap,cycles,sink
NTRE-256,hash_G,10000,21,26777,2118
NTRE-256,hash_H,10000,21,35874,9329600520867833988
NTRE-256,hash_F,10000,21,5761,9329600520777359139
NTRE-256,sample_psi1,10000,21,10051,2919908055678240729

[Optimized/NTRE-512]
dir=/home/link/NTRE-2.0/Implementations/Optimized_Implementation/NTRE-512
instance,function,loops,countergap,cycles,sink
NTRE-512,hash_G,10000,21,48302,1052
NTRE-512,hash_H,10000,21,90214,16902742483506356380
NTRE-512,hash_F,10000,21,13338,16902751406589306360
NTRE-512,sample_psi1,10000,21,16342,12240126772068281003
