desc: --stacks=yes --massif-out-file=massif.338749.out
cmd: ./bench/bench_worker_taichi_1024_op_res
time_unit: i
#-----------
snapshot=0
#-----------
time=0
mem_heap_B=0
mem_heap_extra_B=0
mem_stacks_B=0
heap_tree=empty
#-----------
snapshot=1
#-----------
time=197752
mem_heap_B=65664
mem_heap_extra_B=16
mem_stacks_B=1240
heap_tree=peak
n2: 65664 (heap allocation functions) malloc/new/new[], --alloc-fns, etc.
 n0: 65536 0x40011DD: main (in /home/makko/ngcc_bench/build-x86/bench/bench_worker_taichi_1024_op_res)
 n0: 128 in 1 place, below massif's threshold (1.00%)
#-----------
snapshot=2
#-----------
time=1020859
mem_heap_B=65664
mem_heap_extra_B=16
mem_stacks_B=1216
heap_tree=empty
#-----------
snapshot=3
#-----------
time=2284728
mem_heap_B=65664
mem_heap_extra_B=16
mem_stacks_B=1216
heap_tree=empty
#-----------
snapshot=4
#-----------
time=3542687
mem_heap_B=65664
mem_heap_extra_B=16
mem_stacks_B=1472
heap_tree=empty
#-----------
snapshot=5
#-----------
time=4419582
mem_heap_B=65664
mem_heap_extra_B=16
mem_stacks_B=1472
heap_tree=empty
#-----------
snapshot=6
#-----------
time=5774006
mem_heap_B=65664
mem_heap_extra_B=16
mem_stacks_B=1472
heap_tree=empty
#-----------
snapshot=7
#-----------
time=6778518
mem_heap_B=65664
mem_heap_extra_B=16
mem_stacks_B=1472
heap_tree=empty
#-----------
snapshot=8
#-----------
time=8001538
mem_heap_B=65664
mem_heap_extra_B=16
mem_stacks_B=1472
heap_tree=empty
#-----------
snapshot=9
#-----------
time=9224558
mem_heap_B=65664
mem_heap_extra_B=16
mem_stacks_B=1472
heap_tree=detailed
n2: 65664 (heap allocation functions) malloc/new/new[], --alloc-fns, etc.
 n0: 65536 0x40011DD: main (in /home/makko/ngcc_bench/build-x86/bench/bench_worker_taichi_1024_op_res)
 n0: 128 in 1 place, below massif's threshold (1.00%)
#-----------
snapshot=10
#-----------
time=10152959
mem_heap_B=65664
mem_heap_extra_B=16
mem_stacks_B=1232
heap_tree=empty
#-----------
snapshot=11
#-----------
time=10812428
mem_heap_B=65664
mem_heap_extra_B=16
mem_stacks_B=1232
heap_tree=empty
#-----------
snapshot=12
#-----------
time=11868632
mem_heap_B=65664
mem_heap_extra_B=16
mem_stacks_B=1472
heap_tree=empty
#-----------
snapshot=13
#-----------
time=12399261
mem_heap_B=65664
mem_heap_extra_B=16
mem_stacks_B=1472
heap_tree=empty
#-----------
snapshot=14
#-----------
time=13455113
mem_heap_B=65664
mem_heap_extra_B=16
mem_stacks_B=1232
heap_tree=empty
#-----------
snapshot=15
#-----------
time=14643476
mem_heap_B=65664
mem_heap_extra_B=16
mem_stacks_B=1472
heap_tree=empty
#-----------
snapshot=16
#-----------
time=15965519
mem_heap_B=65664
mem_heap_extra_B=16
mem_stacks_B=1472
heap_tree=empty
#-----------
snapshot=17
#-----------
time=16909342
mem_heap_B=65664
mem_heap_extra_B=16
mem_stacks_B=1472
heap_tree=empty
#-----------
snapshot=18
#-----------
time=17852021
mem_heap_B=65664
mem_heap_extra_B=16
mem_stacks_B=1472
heap_tree=detailed
n2: 65664 (heap allocation functions) malloc/new/new[], --alloc-fns, etc.
 n0: 65536 0x40011DD: main (in /home/makko/ngcc_bench/build-x86/bench/bench_worker_taichi_1024_op_res)
 n0: 128 in 1 place, below massif's threshold (1.00%)
#-----------
snapshot=19
#-----------
time=18794501
mem_heap_B=65664
mem_heap_extra_B=16
mem_stacks_B=1472
heap_tree=empty
#-----------
snapshot=20
#-----------
time=19974265
mem_heap_B=65664
mem_heap_extra_B=16
mem_stacks_B=1472
heap_tree=empty
#-----------
snapshot=21
#-----------
time=20916977
mem_heap_B=65664
mem_heap_extra_B=16
mem_stacks_B=1472
heap_tree=empty
#-----------
snapshot=22
#-----------
time=21858131
mem_heap_B=65664
mem_heap_extra_B=16
mem_stacks_B=1232
heap_tree=empty
#-----------
snapshot=23
#-----------
time=22801520
mem_heap_B=65664
mem_heap_extra_B=16
mem_stacks_B=1472
heap_tree=empty
#-----------
snapshot=24
#-----------
time=23507796
mem_heap_B=65664
mem_heap_extra_B=16
mem_stacks_B=1472
heap_tree=empty
#-----------
snapshot=25
#-----------
time=24450101
mem_heap_B=65664
mem_heap_extra_B=16
mem_stacks_B=1472
heap_tree=empty
#-----------
snapshot=26
#-----------
time=25391586
mem_heap_B=65664
mem_heap_extra_B=16
mem_stacks_B=1472
heap_tree=empty
#-----------
snapshot=27
#-----------
time=26571200
mem_heap_B=65664
mem_heap_extra_B=16
mem_stacks_B=1472
heap_tree=empty
#-----------
snapshot=28
#-----------
time=27749834
mem_heap_B=65664
mem_heap_extra_B=16
mem_stacks_B=1472
heap_tree=empty
#-----------
snapshot=29
#-----------
time=29323055
mem_heap_B=65664
mem_heap_extra_B=16
mem_stacks_B=1472
heap_tree=empty
#-----------
snapshot=30
#-----------
time=30895799
mem_heap_B=65664
mem_heap_extra_B=16
mem_stacks_B=1192
heap_tree=detailed
n2: 65664 (heap allocation functions) malloc/new/new[], --alloc-fns, etc.
 n0: 65536 0x40011DD: main (in /home/makko/ngcc_bench/build-x86/bench/bench_worker_taichi_1024_op_res)
 n0: 128 in 1 place, below massif's threshold (1.00%)
#-----------
snapshot=31
#-----------
time=32076069
mem_heap_B=65664
mem_heap_extra_B=16
mem_stacks_B=1472
heap_tree=empty
#-----------
snapshot=32
#-----------
time=32863436
mem_heap_B=65664
mem_heap_extra_B=16
mem_stacks_B=1472
heap_tree=empty
#-----------
snapshot=33
#-----------
time=33649760
mem_heap_B=65664
mem_heap_extra_B=16
mem_stacks_B=1472
heap_tree=empty
#-----------
snapshot=34
#-----------
time=34437132
mem_heap_B=65664
mem_heap_extra_B=16
mem_stacks_B=1472
heap_tree=empty
#-----------
snapshot=35
#-----------
time=35616911
mem_heap_B=65664
mem_heap_extra_B=16
mem_stacks_B=1472
heap_tree=empty
#-----------
snapshot=36
#-----------
time=36403300
mem_heap_B=65664
mem_heap_extra_B=16
mem_stacks_B=1472
heap_tree=empty
#-----------
snapshot=37
#-----------
time=37190161
mem_heap_B=65664
mem_heap_extra_B=16
mem_stacks_B=1472
heap_tree=empty
#-----------
snapshot=38
#-----------
time=37978327
mem_heap_B=65664
mem_heap_extra_B=16
mem_stacks_B=1472
heap_tree=empty
#-----------
snapshot=39
#-----------
time=38764763
mem_heap_B=65664
mem_heap_extra_B=16
mem_stacks_B=1472
heap_tree=detailed
n2: 65664 (heap allocation functions) malloc/new/new[], --alloc-fns, etc.
 n0: 65536 0x40011DD: main (in /home/makko/ngcc_bench/build-x86/bench/bench_worker_taichi_1024_op_res)
 n0: 128 in 1 place, below massif's threshold (1.00%)
#-----------
snapshot=40
#-----------
time=39553136
mem_heap_B=65664
mem_heap_extra_B=16
mem_stacks_B=1472
heap_tree=empty
#-----------
snapshot=41
#-----------
time=40339275
mem_heap_B=65664
mem_heap_extra_B=16
mem_stacks_B=1472
heap_tree=empty
#-----------
snapshot=42
#-----------
time=41126417
mem_heap_B=65664
mem_heap_extra_B=16
mem_stacks_B=1472
heap_tree=empty
#-----------
snapshot=43
#-----------
time=41913784
mem_heap_B=65664
mem_heap_extra_B=16
mem_stacks_B=1472
heap_tree=empty
#-----------
snapshot=44
#-----------
time=42700108
mem_heap_B=65664
mem_heap_extra_B=16
mem_stacks_B=1472
heap_tree=detailed
n2: 65664 (heap allocation functions) malloc/new/new[], --alloc-fns, etc.
 n0: 65536 0x40011DD: main (in /home/makko/ngcc_bench/build-x86/bench/bench_worker_taichi_1024_op_res)
 n0: 128 in 1 place, below massif's threshold (1.00%)
#-----------
snapshot=45
#-----------
time=43487480
mem_heap_B=65664
mem_heap_extra_B=16
mem_stacks_B=1472
heap_tree=empty
#-----------
snapshot=46
#-----------
time=44667259
mem_heap_B=65664
mem_heap_extra_B=16
mem_stacks_B=1472
heap_tree=empty
#-----------
snapshot=47
#-----------
time=45453648
mem_heap_B=65664
mem_heap_extra_B=16
mem_stacks_B=1472
heap_tree=empty
#-----------
snapshot=48
#-----------
time=46634780
mem_heap_B=65664
mem_heap_extra_B=16
mem_stacks_B=1472
heap_tree=detailed
n2: 65664 (heap allocation functions) malloc/new/new[], --alloc-fns, etc.
 n0: 65536 0x40011DD: main (in /home/makko/ngcc_bench/build-x86/bench/bench_worker_taichi_1024_op_res)
 n0: 128 in 1 place, below massif's threshold (1.00%)
#-----------
snapshot=49
#-----------
time=47421853
mem_heap_B=65664
mem_heap_extra_B=16
mem_stacks_B=1472
heap_tree=empty
#-----------
snapshot=50
#-----------
time=47952737
mem_heap_B=65664
mem_heap_extra_B=16
mem_stacks_B=1472
heap_tree=empty
#-----------
snapshot=51
#-----------
time=48483500
mem_heap_B=65664
mem_heap_extra_B=16
mem_stacks_B=1472
heap_tree=empty
#-----------
snapshot=52
#-----------
time=49014217
mem_heap_B=65664
mem_heap_extra_B=16
mem_stacks_B=1472
heap_tree=empty
#-----------
snapshot=53
#-----------
time=49544850
mem_heap_B=65664
mem_heap_extra_B=16
mem_stacks_B=1472
heap_tree=empty
#-----------
snapshot=54
#-----------
time=50076326
mem_heap_B=65664
mem_heap_extra_B=16
mem_stacks_B=1472
heap_tree=empty
#-----------
snapshot=55
#-----------
time=50607301
mem_heap_B=65664
mem_heap_extra_B=16
mem_stacks_B=1472
heap_tree=empty
#-----------
snapshot=56
#-----------
time=51138946
mem_heap_B=65664
mem_heap_extra_B=16
mem_stacks_B=1472
heap_tree=empty
#-----------
snapshot=57
#-----------
time=51669619
mem_heap_B=65664
mem_heap_extra_B=16
mem_stacks_B=1232
heap_tree=detailed
n2: 65664 (heap allocation functions) malloc/new/new[], --alloc-fns, etc.
 n0: 65536 0x40011DD: main (in /home/makko/ngcc_bench/build-x86/bench/bench_worker_taichi_1024_op_res)
 n0: 128 in 1 place, below massif's threshold (1.00%)
#-----------
snapshot=58
#-----------
time=52200258
mem_heap_B=65664
mem_heap_extra_B=16
mem_stacks_B=1216
heap_tree=empty
#-----------
snapshot=59
#-----------
time=52731162
mem_heap_B=65664
mem_heap_extra_B=16
mem_stacks_B=1472
heap_tree=empty
#-----------
snapshot=60
#-----------
time=53263015
mem_heap_B=65664
mem_heap_extra_B=16
mem_stacks_B=1472
heap_tree=empty
#-----------
snapshot=61
#-----------
time=53793904
mem_heap_B=65664
mem_heap_extra_B=16
mem_stacks_B=1472
heap_tree=empty
#-----------
snapshot=62
#-----------
time=54325488
mem_heap_B=65664
mem_heap_extra_B=16
mem_stacks_B=1472
heap_tree=empty
#-----------
snapshot=63
#-----------
time=54857555
mem_heap_B=65664
mem_heap_extra_B=16
mem_stacks_B=1472
heap_tree=empty
#-----------
snapshot=64
#-----------
time=55388422
mem_heap_B=65664
mem_heap_extra_B=16
mem_stacks_B=1472
heap_tree=empty
#-----------
snapshot=65
#-----------
time=55919057
mem_heap_B=65664
mem_heap_extra_B=16
mem_stacks_B=1472
heap_tree=empty
#-----------
snapshot=66
#-----------
time=56449912
mem_heap_B=65664
mem_heap_extra_B=16
mem_stacks_B=1472
heap_tree=empty
#-----------
snapshot=67
#-----------
time=56980798
mem_heap_B=65664
mem_heap_extra_B=16
mem_stacks_B=1472
heap_tree=detailed
n2: 65664 (heap allocation functions) malloc/new/new[], --alloc-fns, etc.
 n0: 65536 0x40011DD: main (in /home/makko/ngcc_bench/build-x86/bench/bench_worker_taichi_1024_op_res)
 n0: 128 in 1 place, below massif's threshold (1.00%)
#-----------
snapshot=68
#-----------
time=57512340
mem_heap_B=65664
mem_heap_extra_B=16
mem_stacks_B=1472
heap_tree=empty
#-----------
snapshot=69
#-----------
time=58043001
mem_heap_B=65664
mem_heap_extra_B=16
mem_stacks_B=1472
heap_tree=empty
#-----------
snapshot=70
#-----------
time=58573683
mem_heap_B=65664
mem_heap_extra_B=16
mem_stacks_B=1232
heap_tree=empty
#-----------
snapshot=71
#-----------
time=59104811
mem_heap_B=65664
mem_heap_extra_B=16
mem_stacks_B=1472
heap_tree=empty
#-----------
snapshot=72
#-----------
time=59636146
mem_heap_B=65664
mem_heap_extra_B=16
mem_stacks_B=1472
heap_tree=empty
#-----------
snapshot=73
#-----------
time=60167613
mem_heap_B=65664
mem_heap_extra_B=16
mem_stacks_B=1472
heap_tree=empty
#-----------
snapshot=74
#-----------
time=60699510
mem_heap_B=65664
mem_heap_extra_B=16
mem_stacks_B=1472
heap_tree=empty
#-----------
snapshot=75
#-----------
time=61230155
mem_heap_B=65664
mem_heap_extra_B=16
mem_stacks_B=1216
heap_tree=empty
#-----------
snapshot=76
#-----------
time=61761159
mem_heap_B=65664
mem_heap_extra_B=16
mem_stacks_B=1472
heap_tree=empty
#-----------
snapshot=77
#-----------
time=62292103
mem_heap_B=65664
mem_heap_extra_B=16
mem_stacks_B=1472
heap_tree=detailed
n2: 65664 (heap allocation functions) malloc/new/new[], --alloc-fns, etc.
 n0: 65536 0x40011DD: main (in /home/makko/ngcc_bench/build-x86/bench/bench_worker_taichi_1024_op_res)
 n0: 128 in 1 place, below massif's threshold (1.00%)
#-----------
snapshot=78
#-----------
time=62822919
mem_heap_B=65664
mem_heap_extra_B=16
mem_stacks_B=1472
heap_tree=empty
#-----------
snapshot=79
#-----------
time=63353925
mem_heap_B=65664
mem_heap_extra_B=16
mem_stacks_B=1472
heap_tree=empty
#-----------
snapshot=80
#-----------
time=63885626
mem_heap_B=65664
mem_heap_extra_B=16
mem_stacks_B=1472
heap_tree=empty
#-----------
snapshot=81
#-----------
time=64416264
mem_heap_B=65664
mem_heap_extra_B=16
mem_stacks_B=1232
heap_tree=empty
#-----------
snapshot=82
#-----------
time=64947700
mem_heap_B=65664
mem_heap_extra_B=16
mem_stacks_B=1472
heap_tree=empty
#-----------
snapshot=83
#-----------
time=65478329
mem_heap_B=65664
mem_heap_extra_B=16
mem_stacks_B=1472
heap_tree=empty
#-----------
snapshot=84
#-----------
time=66008977
mem_heap_B=65664
mem_heap_extra_B=16
mem_stacks_B=1472
heap_tree=empty
#-----------
snapshot=85
#-----------
time=66539663
mem_heap_B=65664
mem_heap_extra_B=16
mem_stacks_B=1472
heap_tree=empty
#-----------
snapshot=86
#-----------
time=67071086
mem_heap_B=65664
mem_heap_extra_B=16
mem_stacks_B=1472
heap_tree=empty
#-----------
snapshot=87
#-----------
time=67602195
mem_heap_B=65664
mem_heap_extra_B=16
mem_stacks_B=1472
heap_tree=detailed
n2: 65664 (heap allocation functions) malloc/new/new[], --alloc-fns, etc.
 n0: 65536 0x40011DD: main (in /home/makko/ngcc_bench/build-x86/bench/bench_worker_taichi_1024_op_res)
 n0: 128 in 1 place, below massif's threshold (1.00%)
#-----------
snapshot=88
#-----------
time=68133637
mem_heap_B=65664
mem_heap_extra_B=16
mem_stacks_B=1472
heap_tree=empty
#-----------
snapshot=89
#-----------
time=68664770
mem_heap_B=65664
mem_heap_extra_B=16
mem_stacks_B=1472
heap_tree=empty
#-----------
snapshot=90
#-----------
time=69195732
mem_heap_B=65664
mem_heap_extra_B=16
mem_stacks_B=1472
heap_tree=empty
#-----------
snapshot=91
#-----------
time=69726377
mem_heap_B=65664
mem_heap_extra_B=16
mem_stacks_B=1216
heap_tree=empty
#-----------
snapshot=92
#-----------
time=70257627
mem_heap_B=65664
mem_heap_extra_B=16
mem_stacks_B=1472
heap_tree=empty
#-----------
snapshot=93
#-----------
time=70788336
mem_heap_B=65664
mem_heap_extra_B=16
mem_stacks_B=1472
heap_tree=empty
#-----------
snapshot=94
#-----------
time=71319913
mem_heap_B=65664
mem_heap_extra_B=16
mem_stacks_B=1472
heap_tree=empty
#-----------
snapshot=95
#-----------
time=71851456
mem_heap_B=65664
mem_heap_extra_B=16
mem_stacks_B=1472
heap_tree=empty
