desc: --stacks=yes --massif-out-file=massif.81156.out
cmd: ./bench/bench_worker_taichi_1024_op_res
time_unit: i
#-----------
snapshot=0
#-----------
time=0
mem_heap_B=0
mem_heap_extra_B=0
mem_stacks_B=0
heap_tree=empty
#-----------
snapshot=1
#-----------
time=147221
mem_heap_B=65664
mem_heap_extra_B=16
mem_stacks_B=1280
heap_tree=peak
n2: 65664 (heap allocation functions) malloc/new/new[], --alloc-fns, etc.
 n0: 65536 0x400098B: main (in /root/ngcc_bench/build-arm/bench/bench_worker_taichi_1024_op_res)
 n0: 128 in 1 place, below massif's threshold (1.00%)
#-----------
snapshot=2
#-----------
time=1872117
mem_heap_B=65664
mem_heap_extra_B=16
mem_stacks_B=1248
heap_tree=empty
#-----------
snapshot=3
#-----------
time=3597013
mem_heap_B=65664
mem_heap_extra_B=16
mem_stacks_B=1248
heap_tree=empty
#-----------
snapshot=4
#-----------
time=5321909
mem_heap_B=65664
mem_heap_extra_B=16
mem_stacks_B=1248
heap_tree=empty
#-----------
snapshot=5
#-----------
time=6184357
mem_heap_B=65664
mem_heap_extra_B=16
mem_stacks_B=1248
heap_tree=empty
#-----------
snapshot=6
#-----------
time=7046805
mem_heap_B=65664
mem_heap_extra_B=16
mem_stacks_B=1248
heap_tree=empty
#-----------
snapshot=7
#-----------
time=7909253
mem_heap_B=65664
mem_heap_extra_B=16
mem_stacks_B=1248
heap_tree=empty
#-----------
snapshot=8
#-----------
time=8771701
mem_heap_B=65664
mem_heap_extra_B=16
mem_stacks_B=1248
heap_tree=empty
#-----------
snapshot=9
#-----------
time=9634149
mem_heap_B=65664
mem_heap_extra_B=16
mem_stacks_B=1248
heap_tree=empty
#-----------
snapshot=10
#-----------
time=10496597
mem_heap_B=65664
mem_heap_extra_B=16
mem_stacks_B=1248
heap_tree=empty
#-----------
snapshot=11
#-----------
time=11359045
mem_heap_B=65664
mem_heap_extra_B=16
mem_stacks_B=1248
heap_tree=empty
#-----------
snapshot=12
#-----------
time=12329299
mem_heap_B=65664
mem_heap_extra_B=16
mem_stacks_B=1248
heap_tree=empty
#-----------
snapshot=13
#-----------
time=13191747
mem_heap_B=65664
mem_heap_extra_B=16
mem_stacks_B=1248
heap_tree=detailed
n2: 65664 (heap allocation functions) malloc/new/new[], --alloc-fns, etc.
 n0: 65536 0x400098B: main (in /root/ngcc_bench/build-arm/bench/bench_worker_taichi_1024_op_res)
 n0: 128 in 1 place, below massif's threshold (1.00%)
#-----------
snapshot=14
#-----------
time=14054195
mem_heap_B=65664
mem_heap_extra_B=16
mem_stacks_B=1248
heap_tree=empty
#-----------
snapshot=15
#-----------
time=14916643
mem_heap_B=65664
mem_heap_extra_B=16
mem_stacks_B=1248
heap_tree=empty
#-----------
snapshot=16
#-----------
time=15779091
mem_heap_B=65664
mem_heap_extra_B=16
mem_stacks_B=1248
heap_tree=empty
#-----------
snapshot=17
#-----------
time=16641539
mem_heap_B=65664
mem_heap_extra_B=16
mem_stacks_B=1248
heap_tree=empty
#-----------
snapshot=18
#-----------
time=17503987
mem_heap_B=65664
mem_heap_extra_B=16
mem_stacks_B=1248
heap_tree=detailed
n2: 65664 (heap allocation functions) malloc/new/new[], --alloc-fns, etc.
 n0: 65536 0x400098B: main (in /root/ngcc_bench/build-arm/bench/bench_worker_taichi_1024_op_res)
 n0: 128 in 1 place, below massif's threshold (1.00%)
#-----------
snapshot=19
#-----------
time=18366435
mem_heap_B=65664
mem_heap_extra_B=16
mem_stacks_B=1248
heap_tree=empty
#-----------
snapshot=20
#-----------
time=19228883
mem_heap_B=65664
mem_heap_extra_B=16
mem_stacks_B=1248
heap_tree=empty
#-----------
snapshot=21
#-----------
time=20091331
mem_heap_B=65664
mem_heap_extra_B=16
mem_stacks_B=1248
heap_tree=empty
#-----------
snapshot=22
#-----------
time=20953779
mem_heap_B=65664
mem_heap_extra_B=16
mem_stacks_B=1248
heap_tree=empty
#-----------
snapshot=23
#-----------
time=21816227
mem_heap_B=65664
mem_heap_extra_B=16
mem_stacks_B=1248
heap_tree=detailed
n2: 65664 (heap allocation functions) malloc/new/new[], --alloc-fns, etc.
 n0: 65536 0x400098B: main (in /root/ngcc_bench/build-arm/bench/bench_worker_taichi_1024_op_res)
 n0: 128 in 1 place, below massif's threshold (1.00%)
#-----------
snapshot=24
#-----------
time=22678675
mem_heap_B=65664
mem_heap_extra_B=16
mem_stacks_B=1248
heap_tree=empty
#-----------
snapshot=25
#-----------
time=23541123
mem_heap_B=65664
mem_heap_extra_B=16
mem_stacks_B=1248
heap_tree=empty
#-----------
snapshot=26
#-----------
time=24403571
mem_heap_B=65664
mem_heap_extra_B=16
mem_stacks_B=1248
heap_tree=empty
#-----------
snapshot=27
#-----------
time=25266019
mem_heap_B=65664
mem_heap_extra_B=16
mem_stacks_B=1248
heap_tree=empty
#-----------
snapshot=28
#-----------
time=26128467
mem_heap_B=65664
mem_heap_extra_B=16
mem_stacks_B=1248
heap_tree=empty
#-----------
snapshot=29
#-----------
time=26990915
mem_heap_B=65664
mem_heap_extra_B=16
mem_stacks_B=1248
heap_tree=empty
#-----------
snapshot=30
#-----------
time=27853363
mem_heap_B=65664
mem_heap_extra_B=16
mem_stacks_B=1248
heap_tree=empty
#-----------
snapshot=31
#-----------
time=28715811
mem_heap_B=65664
mem_heap_extra_B=16
mem_stacks_B=1248
heap_tree=empty
#-----------
snapshot=32
#-----------
time=29578259
mem_heap_B=65664
mem_heap_extra_B=16
mem_stacks_B=1248
heap_tree=empty
#-----------
snapshot=33
#-----------
time=30440707
mem_heap_B=65664
mem_heap_extra_B=16
mem_stacks_B=1248
heap_tree=empty
#-----------
snapshot=34
#-----------
time=31303155
mem_heap_B=65664
mem_heap_extra_B=16
mem_stacks_B=1248
heap_tree=empty
#-----------
snapshot=35
#-----------
time=32165603
mem_heap_B=65664
mem_heap_extra_B=16
mem_stacks_B=1248
heap_tree=empty
#-----------
snapshot=36
#-----------
time=33028051
mem_heap_B=65664
mem_heap_extra_B=16
mem_stacks_B=1248
heap_tree=empty
#-----------
snapshot=37
#-----------
time=33890499
mem_heap_B=65664
mem_heap_extra_B=16
mem_stacks_B=1248
heap_tree=empty
#-----------
snapshot=38
#-----------
time=34752947
mem_heap_B=65664
mem_heap_extra_B=16
mem_stacks_B=1248
heap_tree=empty
#-----------
snapshot=39
#-----------
time=35615395
mem_heap_B=65664
mem_heap_extra_B=16
mem_stacks_B=1248
heap_tree=empty
#-----------
snapshot=40
#-----------
time=36477843
mem_heap_B=65664
mem_heap_extra_B=16
mem_stacks_B=1248
heap_tree=empty
#-----------
snapshot=41
#-----------
time=37340291
mem_heap_B=65664
mem_heap_extra_B=16
mem_stacks_B=1248
heap_tree=empty
#-----------
snapshot=42
#-----------
time=38202739
mem_heap_B=65664
mem_heap_extra_B=16
mem_stacks_B=1248
heap_tree=empty
#-----------
snapshot=43
#-----------
time=39065187
mem_heap_B=65664
mem_heap_extra_B=16
mem_stacks_B=1248
heap_tree=empty
#-----------
snapshot=44
#-----------
time=39927635
mem_heap_B=65664
mem_heap_extra_B=16
mem_stacks_B=1248
heap_tree=empty
#-----------
snapshot=45
#-----------
time=40790083
mem_heap_B=65664
mem_heap_extra_B=16
mem_stacks_B=1248
heap_tree=empty
#-----------
snapshot=46
#-----------
time=41652531
mem_heap_B=65664
mem_heap_extra_B=16
mem_stacks_B=1248
heap_tree=empty
#-----------
snapshot=47
#-----------
time=42514979
mem_heap_B=65664
mem_heap_extra_B=16
mem_stacks_B=1248
heap_tree=empty
#-----------
snapshot=48
#-----------
time=43377427
mem_heap_B=65664
mem_heap_extra_B=16
mem_stacks_B=1248
heap_tree=empty
#-----------
snapshot=49
#-----------
time=44671099
mem_heap_B=65664
mem_heap_extra_B=16
mem_stacks_B=1248
heap_tree=empty
#-----------
snapshot=50
#-----------
time=45533547
mem_heap_B=65664
mem_heap_extra_B=16
mem_stacks_B=1248
heap_tree=empty
#-----------
snapshot=51
#-----------
time=46395995
mem_heap_B=65664
mem_heap_extra_B=16
mem_stacks_B=1248
heap_tree=empty
#-----------
snapshot=52
#-----------
time=47258443
mem_heap_B=65664
mem_heap_extra_B=16
mem_stacks_B=1248
heap_tree=empty
#-----------
snapshot=53
#-----------
time=48120891
mem_heap_B=65664
mem_heap_extra_B=16
mem_stacks_B=1248
heap_tree=detailed
n2: 65664 (heap allocation functions) malloc/new/new[], --alloc-fns, etc.
 n0: 65536 0x400098B: main (in /root/ngcc_bench/build-arm/bench/bench_worker_taichi_1024_op_res)
 n0: 128 in 1 place, below massif's threshold (1.00%)
#-----------
snapshot=54
#-----------
time=48983339
mem_heap_B=65664
mem_heap_extra_B=16
mem_stacks_B=1248
heap_tree=empty
#-----------
snapshot=55
#-----------
time=49845787
mem_heap_B=65664
mem_heap_extra_B=16
mem_stacks_B=1248
heap_tree=empty
#-----------
snapshot=56
#-----------
time=50708235
mem_heap_B=65664
mem_heap_extra_B=16
mem_stacks_B=1248
heap_tree=empty
#-----------
snapshot=57
#-----------
time=51570683
mem_heap_B=65664
mem_heap_extra_B=16
mem_stacks_B=1248
heap_tree=empty
#-----------
snapshot=58
#-----------
time=52433131
mem_heap_B=65664
mem_heap_extra_B=16
mem_stacks_B=1248
heap_tree=empty
#-----------
snapshot=59
#-----------
time=53295579
mem_heap_B=65664
mem_heap_extra_B=16
mem_stacks_B=1248
heap_tree=empty
#-----------
snapshot=60
#-----------
time=54158027
mem_heap_B=65664
mem_heap_extra_B=16
mem_stacks_B=1248
heap_tree=empty
#-----------
snapshot=61
#-----------
time=55020475
mem_heap_B=65664
mem_heap_extra_B=16
mem_stacks_B=1248
heap_tree=empty
#-----------
snapshot=62
#-----------
time=55882923
mem_heap_B=65664
mem_heap_extra_B=16
mem_stacks_B=1248
heap_tree=empty
#-----------
snapshot=63
#-----------
time=56745371
mem_heap_B=65664
mem_heap_extra_B=16
mem_stacks_B=1248
heap_tree=detailed
n2: 65664 (heap allocation functions) malloc/new/new[], --alloc-fns, etc.
 n0: 65536 0x400098B: main (in /root/ngcc_bench/build-arm/bench/bench_worker_taichi_1024_op_res)
 n0: 128 in 1 place, below massif's threshold (1.00%)
#-----------
snapshot=64
#-----------
time=57607819
mem_heap_B=65664
mem_heap_extra_B=16
mem_stacks_B=1248
heap_tree=empty
#-----------
snapshot=65
#-----------
time=58470267
mem_heap_B=65664
mem_heap_extra_B=16
mem_stacks_B=1248
heap_tree=empty
#-----------
snapshot=66
#-----------
time=59332715
mem_heap_B=65664
mem_heap_extra_B=16
mem_stacks_B=1248
heap_tree=empty
#-----------
snapshot=67
#-----------
time=60195163
mem_heap_B=65664
mem_heap_extra_B=16
mem_stacks_B=1248
heap_tree=empty
#-----------
snapshot=68
#-----------
time=61057611
mem_heap_B=65664
mem_heap_extra_B=16
mem_stacks_B=1248
heap_tree=empty
#-----------
snapshot=69
#-----------
time=61920059
mem_heap_B=65664
mem_heap_extra_B=16
mem_stacks_B=1248
heap_tree=empty
#-----------
snapshot=70
#-----------
time=62782507
mem_heap_B=65664
mem_heap_extra_B=16
mem_stacks_B=1248
heap_tree=empty
